                            llllllllllllll                     
                            llljllllljllll                     
     aaaaaa                 l           llllll                 
     a    aaaaaaaaabbabbcabal           llllll                 
     a    aaaaaaab          l           l   ll                 
     a     aaaaaaa                          jl                 
     a     aaaaaab          l           l   ll                 
     abaab baaaaaa   aaacaabl           llllll                 
     b         baa   aaaaaaak           klllll                 
     a         aab   abaaaaal           llllll                 
     a         b       aaaaallljll lljllll                     
     b                 aaaaalllll   llllll                     
     a         a       aaaaa  lll   llllll                     
bbbbaa         aabaaabaabaaa  llk   kl                         
ababaa         a              lll   ll                         
b   aabaaa aaaba          lllllll   llll                       
a   baaaa   baaa          lllllll   llll                       
a   aaaaa   aaaa          ll          ll                       
ba aaaaaa   baaa          ll  lll   llll                       
a   aabaa   aaaa          ll  lll   llll                       
a   b   a   aaaa          ll  lll   llll                       
a       a   aaaa          llllllj   jl                         
a   a   b   aaaa          lllllll   ll              iiiiiiiiiii
b   ababaa aabaaa         aaaaaalj jlbbbbbbb        ihhihhhiiih
a   aa         aa         babacb     acabaab        ih        h
b   ab         aa         a               bbiiiiiiiiih        h
a   ab         aa         f               fhhhhihhhiih        h
a    a         ba         a                h         h        h
a              aa         b                                   e
a    a         aa         b                h         i        h
a   aa         bb         f               fhhh    iihh        h
b   aa         aa         b               bbbhh  hhhhi        h
a   aa         aa         aadaba     abdabab hi  ihhih        h
a   aabaab aabbaa         aaaaaahh ihbbbbbbb hi  hhiiiih ih ihi
a   baaaa   aaaa                h   i        hh  ihiiihiiiiiiii
a   aaaab   baaa                i   i        hi  hhiiiiiiiiiiii
b   a   a   aaaa                h   i        hh  ihhhhhhhhhhhh 
a       a   aaaa                i   h        hi  hhi h i i hih 
b   b   b   baaa                i   i        hh   h         hh 
b   aabaa   baaaabaaaaaaaaaa    h   h        hh             eh 
a   babab   ababbaabaababaaa    i   h        hi   h         hh 
b                b      aaaa    h   i        hhihhhi h h h hih 
b                         aa    i   i        hhhhhhhhhhhhhhhhh 
a                a      aaaa    i   h                          
abbabbabbaaaaabaaaabaaabaahhhhhhh   ihhhhhh                    
                          hhhihihh hhhhhihh                    
                          hi    h   h    ih                    
                          hh             ih                    
                          hh    h   h    ih                    
                          hi    i   i    ih                    
                          hhhihhi   hhhhhhh                    
                          hh    h   h    hh                    
                          hi s           ih                    
                          hh    h   h    hh                    
                          hhiihhi   ihhihhh                    
                          hh             hh                    
                          hi             hh                    
                          hh             hh                    
                          hheihehighieihehh                    
